[    0.000000] Linux version 4.15.0-159-generic (buildd@lgw01-amd64-055) (gcc version 7.5.0 (Ubuntu 7.5.0-3ubuntu1~18.04)) #167-Ubuntu SMP Tue Sep 21 08:55:05 UTC 2021 (Ubuntu 4.15.0-159.167-generic 4.15.18)
[    0.000000] Command line: BOOT_IMAGE=/boot/vmlinuz-4.15.0-159-generic root=LABEL=cloudimg-rootfs ro console=tty1 console=ttyS0
[    0.000000] KERNEL supported cpus:
[    0.000000]   Intel GenuineIntel
[    0.000000]   AMD AuthenticAMD
[    0.000000]   Centaur CentaurHauls
[    0.000000] x86/fpu: x87 FPU will use FXSAVE
[    0.000000] e820: BIOS-provided physical RAM map:
[    0.000000] BIOS-e820: [mem 0x0000000000000000-0x000000000009fbff] usable
[    0.000000] BIOS-e820: [mem 0x000000000009fc00-0x000000000009ffff] reserved
[    0.000000] BIOS-e820: [mem 0x00000000000f0000-0x00000000000fffff] reserved
[    0.000000] BIOS-e820: [mem 0x0000000000100000-0x000000003ffeffff] usable
[    0.000000] BIOS-e820: [mem 0x000000003fff0000-0x000000003fffffff] ACPI data
[    0.000000] BIOS-e820: [mem 0x00000000fec00000-0x00000000fec00fff] reserved
[    0.000000] BIOS-e820: [mem 0x00000000fee00000-0x00000000fee00fff] reserved
[    0.000000] BIOS-e820: [mem 0x00000000fffc0000-0x00000000ffffffff] reserved
[    0.000000] NX (Execute Disable) protection: active
[    0.000000] SMBIOS 2.5 present.
[    0.000000] DMI: innotek GmbH VirtualBox/VirtualBox, BIOS VirtualBox 12/01/2006
[    0.000000] Hypervisor detected: KVM
[    0.000000] e820: last_pfn = 0x3fff0 max_arch_pfn = 0x400000000
[    0.000000] MTRR: Disabled
[    0.000000] x86/PAT: MTRRs disabled, skipping PAT initialization too.
[    0.000000] CPU MTRRs all blank - virtualized system.
[    0.000000] x86/PAT: Configuration [0-7]: WB  WT  UC- UC  WB  WT  UC- UC  
[    0.000000] found SMP MP-table at [mem 0x0009fff0-0x0009ffff]
[    0.000000] Scanning 1 areas for low memory corruption
[    0.000000] RAMDISK: [mem 0x359cb000-0x36cdcfff]
[    0.000000] ACPI: Early table checksum verification disabled
[    0.000000] ACPI: RSDP 0x00000000000E0000 000024 (v02 VBOX  )
[    0.000000] ACPI: XSDT 0x000000003FFF0030 00003C (v01 VBOX   VBOXXSDT 00000001 ASL  00000061)
[    0.000000] ACPI: FACP 0x000000003FFF00F0 0000F4 (v04 VBOX   VBOXFACP 00000001 ASL  00000061)
[    0.000000] ACPI: DSDT 0x000000003FFF0470 002325 (v02 VBOX   VBOXBIOS 00000002 INTL 20100528)
[    0.000000] ACPI: FACS 0x000000003FFF0200 000040
[    0.000000] ACPI: FACS 0x000000003FFF0200 000040
[    0.000000] ACPI: APIC 0x000000003FFF0240 00005C (v02 VBOX   VBOXAPIC 00000001 ASL  00000061)
[    0.000000] ACPI: SSDT 0x000000003FFF02A0 0001CC (v01 VBOX   VBOXCPUT 00000002 INTL 20100528)
[    0.000000] ACPI: Reserving FACP table memory at [mem 0x3fff00f0-0x3fff01e3]
[    0.000000] ACPI: Reserving DSDT table memory at [mem 0x3fff0470-0x3fff2794]
[    0.000000] ACPI: Reserving FACS table memory at [mem 0x3fff0200-0x3fff023f]
[    0.000000] ACPI: Reserving FACS table memory at [mem 0x3fff0200-0x3fff023f]
[    0.000000] ACPI: Reserving APIC table memory at [mem 0x3fff0240-0x3fff029b]
[    0.000000] ACPI: Reserving SSDT table memory at [mem 0x3fff02a0-0x3fff046b]
[    0.000000] No NUMA configuration found
[    0.000000] Faking a node at [mem 0x0000000000000000-0x000000003ffeffff]
[    0.000000] NODE_DATA(0) allocated [mem 0x3ffc5000-0x3ffeffff]
[    0.000000] kvm-clock: cpu 0, msr 0:3ff44001, primary cpu clock
[    0.000000] kvm-clock: Using msrs 4b564d01 and 4b564d00
[    0.000000] kvm-clock: using sched offset of 7038627867 cycles
[    0.000000] clocksource: kvm-clock: mask: 0xffffffffffffffff max_cycles: 0x1cd42e4dffb, max_idle_ns: 881590591483 ns
[    0.000000] Zone ranges:
[    0.000000]   DMA      [mem 0x0000000000001000-0x0000000000ffffff]
[    0.000000]   DMA32    [mem 0x0000000001000000-0x000000003ffeffff]
[    0.000000]   Normal   empty
[    0.000000]   Device   empty
[    0.000000] Movable zone start for each node
[    0.000000] Early memory node ranges
[    0.000000]   node   0: [mem 0x0000000000001000-0x000000000009efff]
[    0.000000]   node   0: [mem 0x0000000000100000-0x000000003ffeffff]
[    0.000000] Reserved but unavailable: 104 pages
[    0.000000] Initmem setup node 0 [mem 0x0000000000001000-0x000000003ffeffff]
[    0.000000] ACPI: PM-Timer IO Port: 0x4008
[    0.000000] IOAPIC[0]: apic_id 2, version 32, address 0xfec00000, GSI 0-23
[    0.000000] ACPI: INT_SRC_OVR (bus 0 bus_irq 0 global_irq 2 dfl dfl)
[    0.000000] ACPI: INT_SRC_OVR (bus 0 bus_irq 9 global_irq 9 low level)
[    0.000000] Using ACPI (MADT) for SMP configuration information
[    0.000000] smpboot: Allowing 2 CPUs, 0 hotplug CPUs
[    0.000000] PM: Registered nosave memory: [mem 0x00000000-0x00000fff]
[    0.000000] PM: Registered nosave memory: [mem 0x0009f000-0x0009ffff]
[    0.000000] PM: Registered nosave memory: [mem 0x000a0000-0x000effff]
[    0.000000] PM: Registered nosave memory: [mem 0x000f0000-0x000fffff]
[    0.000000] e820: [mem 0x40000000-0xfebfffff] available for PCI devices
[    0.000000] Booting paravirtualized kernel on KVM
[    0.000000] clocksource: refined-jiffies: mask: 0xffffffff max_cycles: 0xffffffff, max_idle_ns: 7645519600211568 ns
[    0.000000] random: get_random_bytes called from start_kernel+0x99/0x500 with crng_init=0
[    0.000000] setup_percpu: NR_CPUS:8192 nr_cpumask_bits:2 nr_cpu_ids:2 nr_node_ids:1
[    0.000000] percpu: Embedded 45 pages/cpu s147456 r8192 d28672 u1048576
[    0.000000] PV qspinlock hash table entries: 256 (order: 0, 4096 bytes)
[    0.000000] Built 1 zonelists, mobility grouping on.  Total pages: 257913
[    0.000000] Policy zone: DMA32
[    0.000000] Kernel command line: BOOT_IMAGE=/boot/vmlinuz-4.15.0-159-generic root=LABEL=cloudimg-rootfs ro console=tty1 console=ttyS0
[    0.000000] Memory: 982708K/1048120K available (12300K kernel code, 2483K rwdata, 4320K rodata, 2448K init, 2724K bss, 65412K reserved, 0K cma-reserved)
[    0.000000] SLUB: HWalign=64, Order=0-3, MinObjects=0, CPUs=2, Nodes=1
[    0.000000] Kernel/User page tables isolation: enabled
[    0.000000] ftrace: allocating 39471 entries in 155 pages
[    0.004000] Hierarchical RCU implementation.
[    0.004000] 	RCU restricting CPUs from NR_CPUS=8192 to nr_cpu_ids=2.
[    0.004000] 	Tasks RCU enabled.
[    0.004000] RCU: Adjusting geometry for rcu_fanout_leaf=16, nr_cpu_ids=2
[    0.004000] NR_IRQS: 524544, nr_irqs: 440, preallocated irqs: 16
[    0.004000] Console: colour VGA+ 80x25
[    0.004000] console [tty1] enabled
[    0.004000] console [ttyS0] enabled
[    0.004000] ACPI: Core revision 20170831
[    0.004000] ACPI: 2 ACPI AML tables successfully acquired and loaded
[    0.004000] APIC: Switch to symmetric I/O mode setup
[    0.004000] ..TIMER: vector=0x30 apic1=0 pin1=2 apic2=-1 pin2=-1
[    0.004006] tsc: Detected 2903.996 MHz processor
[    0.008027] Calibrating delay loop (skipped) preset value.. 5807.99 BogoMIPS (lpj=11615984)
[    0.012007] pid_max: default: 32768 minimum: 301
[    0.016118] Security Framework initialized
[    0.020007] Yama: becoming mindful.
[    0.024128] AppArmor: AppArmor initialized
[    0.040521] Dentry cache hash table entries: 131072 (order: 8, 1048576 bytes)
[    0.049484] Inode-cache hash table entries: 65536 (order: 7, 524288 bytes)
[    0.052136] Mount-cache hash table entries: 2048 (order: 2, 16384 bytes)
[    0.056106] Mountpoint-cache hash table entries: 2048 (order: 2, 16384 bytes)
[    0.065887] Last level iTLB entries: 4KB 128, 2MB 8, 4MB 8
[    0.068006] Last level dTLB entries: 4KB 64, 2MB 0, 4MB 0, 1GB 4
[    0.072008] Spectre V1 : Mitigation: usercopy/swapgs barriers and __user pointer sanitization
[    0.076006] Spectre V2 : Mitigation: Full generic retpoline
[    0.080005] Spectre V2 : Spectre v2 / SpectreRSB mitigation: Filling RSB on context switch
[    0.084005] Speculative Store Bypass: Vulnerable
[    0.088053] MDS: Mitigation: Clear CPU buffers
[    0.092188] Freeing SMP alternatives memory: 36K
[    0.224523] APIC calibration not consistent with PM-Timer: 108ms instead of 100ms
[    0.228000] APIC delta adjusted to PM-Timer: 6451016 (7011011)
[    0.228815] smpboot: CPU0: Intel(R) Pentium(R) CPU G4400T @ 2.90GHz (family: 0x6, model: 0x5e, stepping: 0x3)
[    0.232000] Performance Events: unsupported p6 CPU model 94 no PMU driver, software events only.
[    0.232000] Hierarchical SRCU implementation.
[    0.232000] NMI watchdog: Perf event create on CPU 0 failed with -2
[    0.232000] NMI watchdog: Perf NMI watchdog permanently disabled
[    0.232000] smp: Bringing up secondary CPUs ...
[    0.232000] x86: Booting SMP configuration:
[    0.232000] .... node  #0, CPUs:      #1
[    0.004000] kvm-clock: cpu 1, msr 0:3ff44041, secondary cpu clock
[    0.256000] TSC synchronization [CPU#0 -> CPU#1]:
[    0.256000] Measured 168658 cycles TSC warp between CPUs, turning off TSC clock.
[    0.256000] tsc: Marking TSC unstable due to check_tsc_sync_source failed
[    0.264008] smp: Brought up 1 node, 2 CPUs
[    0.268024] smpboot: Max logical packages: 1
[    0.272042] smpboot: Total of 2 processors activated (11615.98 BogoMIPS)
[    0.280010] devtmpfs: initialized
[    0.284000] x86/mm: Memory block size: 128MB
[    0.284595] evm: security.selinux
[    0.288000] evm: security.SMACK64
[    0.288006] evm: security.SMACK64EXEC
[    0.292000] evm: security.SMACK64TRANSMUTE
[    0.292007] evm: security.SMACK64MMAP
[    0.296006] evm: security.apparmor
[    0.300007] evm: security.ima
[    0.304007] evm: security.capability
[    0.312198] clocksource: jiffies: mask: 0xffffffff max_cycles: 0xffffffff, max_idle_ns: 7645041785100000 ns
[    0.316018] futex hash table entries: 512 (order: 3, 32768 bytes)
[    0.320279] pinctrl core: initialized pinctrl subsystem
[    0.328004] RTC time: 15:22:39, date: 10/21/21
[    0.336983] NET: Registered protocol family 16
[    0.340163] audit: initializing netlink subsys (disabled)
[    0.344283] audit: type=2000 audit(1634829767.076:1): state=initialized audit_enabled=0 res=1
[    0.368011] cpuidle: using governor ladder
[    0.372018] cpuidle: using governor menu
[    0.376054] ACPI: bus type PCI registered
[    0.380007] acpiphp: ACPI Hot Plug PCI Controller Driver version: 0.5
[    0.384801] PCI: Using configuration type 1 for base access
[    0.400164] HugeTLB registered 2.00 MiB page size, pre-allocated 0 pages
[    0.412805] ACPI: Added _OSI(Module Device)
[    0.416031] ACPI: Added _OSI(Processor Device)
[    0.420007] ACPI: Added _OSI(3.0 _SCP Extensions)
[    0.424006] ACPI: Added _OSI(Processor Aggregator Device)
[    0.428008] ACPI: Added _OSI(Linux-Dell-Video)
[    0.432010] ACPI: Added _OSI(Linux-Lenovo-NV-HDMI-Audio)
[    0.436009] ACPI: Added _OSI(Linux-HPI-Hybrid-Graphics)
[    0.445268] ACPI: Executed 1 blocks of module-level executable AML code
[    0.457447] ACPI: Interpreter enabled
[    0.460025] ACPI: (supports S0 S5)
[    0.464007] ACPI: Using IOAPIC for interrupt routing
[    0.472036] PCI: Using host bridge windows from ACPI; if necessary, use "pci=nocrs" and report a bug
[    0.476431] ACPI: Enabled 2 GPEs in block 00 to 07
[    0.500067] ACPI: PCI Root Bridge [PCI0] (domain 0000 [bus 00-ff])
[    0.504017] acpi PNP0A03:00: _OSC: OS supports [ASPM ClockPM Segments MSI]
[    0.517707] acpi PNP0A03:00: _OSC: not requesting OS control; OS requires [ExtendedConfig ASPM ClockPM MSI]
[    0.520024] acpi PNP0A03:00: fail to add MMCONFIG information, can't access extended PCI configuration space under this bridge.
[    0.525166] PCI host bridge to bus 0000:00
[    0.528011] pci_bus 0000:00: root bus resource [io  0x0000-0x0cf7 window]
[    0.532009] pci_bus 0000:00: root bus resource [io  0x0d00-0xffff window]
[    0.536009] pci_bus 0000:00: root bus resource [mem 0x000a0000-0x000bffff window]
[    0.540010] pci_bus 0000:00: root bus resource [mem 0x40000000-0xfdffffff window]
[    0.544010] pci_bus 0000:00: root bus resource [bus 00-ff]
[    0.562534] pci 0000:00:01.1: legacy IDE quirk: reg 0x10: [io  0x01f0-0x01f7]
[    0.564009] pci 0000:00:01.1: legacy IDE quirk: reg 0x14: [io  0x03f6]
[    0.568008] pci 0000:00:01.1: legacy IDE quirk: reg 0x18: [io  0x0170-0x0177]
[    0.572008] pci 0000:00:01.1: legacy IDE quirk: reg 0x1c: [io  0x0376]
[    0.653264] pci 0000:00:07.0: quirk: [io  0x4000-0x403f] claimed by PIIX4 ACPI
[    0.656106] pci 0000:00:07.0: quirk: [io  0x4100-0x410f] claimed by PIIX4 SMB
[    0.676192] ACPI: PCI Interrupt Link [LNKA] (IRQs 5 9 10 *11)
[    0.680796] ACPI: PCI Interrupt Link [LNKB] (IRQs 5 9 *10 11)
[    0.684325] ACPI: PCI Interrupt Link [LNKC] (IRQs 5 *9 10 11)
[    0.688339] ACPI: PCI Interrupt Link [LNKD] (IRQs 5 9 10 *11)
[    0.697109] SCSI subsystem initialized
[    0.700279] pci 0000:00:02.0: vgaarb: setting as boot VGA device
[    0.704000] pci 0000:00:02.0: vgaarb: VGA device added: decodes=io+mem,owns=io+mem,locks=none
[    0.704011] pci 0000:00:02.0: vgaarb: bridge control possible
[    0.708006] vgaarb: loaded
[    0.712092] ACPI: bus type USB registered
[    0.716067] usbcore: registered new interface driver usbfs
[    0.720028] usbcore: registered new interface driver hub
[    0.724025] usbcore: registered new device driver usb
[    0.728402] EDAC MC: Ver: 3.0.0
[    0.740328] PCI: Using ACPI for IRQ routing
[    0.748176] NetLabel: Initializing
[    0.752005] NetLabel:  domain hash size = 128
[    0.756006] NetLabel:  protocols = UNLABELED CIPSOv4 CALIPSO
[    0.760028] NetLabel:  unlabeled traffic allowed by default
[    0.764307] clocksource: Switched to clocksource kvm-clock
[    0.776103] VFS: Disk quotas dquot_6.6.0
[    0.776103] VFS: Dquot-cache hash table entries: 512 (order 0, 4096 bytes)
[    0.776103] AppArmor: AppArmor Filesystem Enabled
[    0.776103] pnp: PnP ACPI init
[    0.776103] pnp: PnP ACPI: found 3 devices
[    0.940531] clocksource: acpi_pm: mask: 0xffffff max_cycles: 0xffffff, max_idle_ns: 2085701024 ns
[    0.953151] NET: Registered protocol family 2
[    0.957024] IP idents hash table entries: 16384 (order: 5, 131072 bytes)
[    0.974098] TCP established hash table entries: 8192 (order: 4, 65536 bytes)
[    0.983531] TCP bind hash table entries: 8192 (order: 5, 131072 bytes)
[    0.987120] TCP: Hash tables configured (established 8192 bind 8192)
[    0.987120] UDP hash table entries: 512 (order: 2, 16384 bytes)
[    0.987120] UDP-Lite hash table entries: 512 (order: 2, 16384 bytes)
[    0.987120] NET: Registered protocol family 1
[    0.987120] pci 0000:00:00.0: Limiting direct PCI/PCI transfers
[    0.987120] pci 0000:00:01.0: Activating ISA DMA hang workarounds
[    0.987120] pci 0000:00:02.0: Video device with shadowed ROM at [mem 0x000c0000-0x000dffff]
[    0.987120] Unpacking initramfs...
[    1.930992] Freeing initrd memory: 19528K
[    1.937560] clocksource: tsc: mask: 0xffffffffffffffff max_cycles: 0x29dc020bb13, max_idle_ns: 440795273180 ns
[    1.951043] platform rtc_cmos: registered platform RTC device (no PNP device found)
[    1.966514] Scanning for low memory corruption every 60 seconds
[    1.983862] Initialise system trusted keyrings
[    1.994600] Key type blacklist registered
[    2.003906] workingset: timestamp_bits=36 max_order=18 bucket_order=0
[    2.014901] zbud: loaded
[    2.020893] squashfs: version 4.0 (2009/01/31) Phillip Lougher
[    2.030200] fuse init (API version 7.26)
[    2.058904] Key type asymmetric registered
[    2.064877] Asymmetric key parser 'x509' registered
[    2.071884] Block layer SCSI generic (bsg) driver version 0.4 loaded (major 246)
[    2.083186] io scheduler noop registered
[    2.089174] io scheduler deadline registered
[    2.095576] io scheduler cfq registered (default)
[    2.103305] ACPI: AC Adapter [AC] (on-line)
[    2.109723] input: Power Button as /devices/LNXSYSTM:00/LNXPWRBN:00/input/input0
[    2.120748] ACPI: Power Button [PWRF]
[    2.126783] input: Sleep Button as /devices/LNXSYSTM:00/LNXSLPBN:00/input/input1
[    2.137226] ACPI: Sleep Button [SLPF]
[    2.145622] Serial: 8250/16550 driver, 32 ports, IRQ sharing enabled
[    2.214270] 00:02: ttyS0 at I/O 0x3f8 (irq = 4, base_baud = 115200) is a 16550A
[    2.230553] Linux agpgart interface v0.103
[    2.258079] loop: module loaded
[    2.268139] scsi host0: ata_piix
[    2.277085] scsi host1: ata_piix
[    2.284637] ata1: PATA max UDMA/33 cmd 0x1f0 ctl 0x3f6 bmdma 0xd000 irq 14
[    2.299182] ata2: PATA max UDMA/33 cmd 0x170 ctl 0x376 bmdma 0xd008 irq 15
[    2.324961] libphy: Fixed MDIO Bus: probed
[    2.328764] tun: Universal TUN/TAP device driver, 1.6
[    2.354846] PPP generic driver version 2.4.2
[    2.374727] ehci_hcd: USB 2.0 'Enhanced' Host Controller (EHCI) Driver
[    2.378595] ehci-pci: EHCI PCI platform driver
[    2.391641] ehci-platform: EHCI generic platform driver
[    2.400954] ohci_hcd: USB 1.1 'Open' Host Controller (OHCI) Driver
[    2.404870] ohci-pci: OHCI PCI platform driver
[    2.404870] ohci-platform: OHCI generic platform driver
[    2.404870] uhci_hcd: USB Universal Host Controller Interface driver
[    2.404870] i8042: PNP: PS/2 Controller [PNP0303:PS2K,PNP0f03:PS2M] at 0x60,0x64 irq 1,12
[    2.404870] serio: i8042 KBD port at 0x60,0x64 irq 1
[    2.404870] serio: i8042 AUX port at 0x60,0x64 irq 12
[    2.467986] mousedev: PS/2 mouse device common for all mice
[    2.480667] rtc_cmos rtc_cmos: rtc core: registered rtc_cmos as rtc0
[    2.491681] rtc_cmos rtc_cmos: alarms up to one day, 114 bytes nvram
[    2.504371] i2c /dev entries driver
[    2.510125] device-mapper: uevent: version 1.0.3
[    2.517550] device-mapper: ioctl: 4.37.0-ioctl (2017-09-20) initialised: dm-devel@redhat.com
[    2.535142] input: AT Translated Set 2 keyboard as /devices/platform/i8042/serio0/input/input2
[    2.546858] ledtrig-cpu: registered to indicate activity on CPUs
[    2.579138] NET: Registered protocol family 10
[    2.597179] Segment Routing with IPv6
[    2.601162] NET: Registered protocol family 17
[    2.612555] Key type dns_resolver registered
[    2.619720] mce: Using 0 MCE banks
[    2.624587] RAS: Correctable Errors collector initialized.
[    2.632216] sched_clock: Marking stable (2632148265, 0)->(4351170622, -1719022357)
[    2.648665] registered taskstats version 1
[    2.654627] Loading compiled-in X.509 certificates
[    2.670363] Loaded X.509 cert 'Build time autogenerated kernel key: bf5768e0b2369bd53acb56866ca104cf5a2c379b'
[    2.683933] Loaded X.509 cert 'Canonical Ltd. Live Patch Signing: 14df34d1a87cf37625abec039ef2bf521249b969'
[    2.697101] Loaded X.509 cert 'Canonical Ltd. Kernel Module Signing: 88f752e560a1e0737e31163a466ad7b70a850c19'
[    2.710166] zswap: loaded using pool lzo/zbud
[    2.732600] Key type big_key registered
[    2.738145] Key type trusted registered
[    2.752360] Key type encrypted registered
[    2.758128] AppArmor: AppArmor sha1 policy hashing enabled
[    2.767673] ima: No TPM chip found, activating TPM-bypass! (rc=-19)
[    2.776329] ima: Allocated hash algorithm: sha1
[    2.782429] evm: HMAC attrs: 0x1
[    2.788632]   Magic number: 9:18:387
[    2.794480] rtc_cmos rtc_cmos: setting system clock to 2021-10-21 15:22:42 UTC (1634829762)
[    2.805906] BIOS EDD facility v0.16 2004-Jun-25, 0 devices found
[    2.813878] EDD information not available.
[    2.824111] Freeing unused kernel image memory: 2448K
[    2.859176] Write protecting the kernel read-only data: 20480k
[    2.868995] Freeing unused kernel image memory: 2008K
[    2.876517] Freeing unused kernel image memory: 1824K
[    2.891150] x86/mm: Checked W+X mappings: passed, no W+X pages found.
[    2.899327] x86/mm: Checking user space page tables
[    2.911660] x86/mm: Checked W+X mappings: passed, no W+X pages found.
Loading, please wait...
starting version 237
[    3.052234] e1000: Intel(R) PRO/1000 Network Driver - version 7.3.21-k8-NAPI
[    3.065019] e1000: Copyright (c) 1999-2006 Intel Corporation.
[    3.074838] Fusion MPT base driver 3.04.20
[    3.080500] Copyright (c) 1999-2008 LSI Corporation
[    3.139321] Fusion MPT SPI Host driver 3.04.20
[    3.355554] input: ImExPS/2 Generic Explorer Mouse as /devices/platform/i8042/serio1/input/input4
[    4.122000] e1000 0000:00:03.0 eth0: (PCI:33MHz:32-bit) 02:2f:77:f1:0c:e0
[    4.131493] e1000 0000:00:03.0 eth0: Intel(R) PRO/1000 Network Connection
[    4.148703] mptbase: ioc0: Initiating bringup
[    4.165075] e1000 0000:00:03.0 enp0s3: renamed from eth0
[    4.248074] ioc0: LSI53C1030 A0: Capabilities={Initiator}
[    5.116473] scsi host2: ioc0: LSI53C1030 A0, FwRev=00000000h, Ports=1, MaxQ=256, IRQ=20
[    5.522269] scsi 2:0:0:0: Direct-Access     VBOX     HARDDISK         1.0  PQ: 0 ANSI: 5
[    6.114942] scsi target2:0:0: Beginning Domain Validation
[    6.140358] random: fast init done
[    6.146355] scsi target2:0:0: Domain Validation skipping write tests
[    6.156552] scsi target2:0:0: Ending Domain Validation
[    6.166032] scsi target2:0:0: asynchronous
[    6.175872] scsi 2:0:1:0: Direct-Access     VBOX     HARDDISK         1.0  PQ: 0 ANSI: 5
[    6.580173] scsi target2:0:1: Beginning Domain Validation
[    6.598473] scsi target2:0:1: Domain Validation skipping write tests
[    6.609073] scsi target2:0:1: Ending Domain Validation
[    6.617046] scsi target2:0:1: asynchronous
[    6.637027] random: systemd-udevd: uninitialized urandom read (16 bytes read)
[    6.645939] random: systemd-udevd: uninitialized urandom read (16 bytes read)
[    6.654756] random: systemd-udevd: uninitialized urandom read (16 bytes read)
[    6.665305] sd 2:0:0:0: [sda] 83886080 512-byte logical blocks: (42.9 GB/40.0 GiB)
[    6.677284] sd 2:0:0:0: Attached scsi generic sg0 type 0
[    6.684169] sd 2:0:0:0: [sda] Write Protect is off
[    6.700197] sd 2:0:0:0: [sda] Incomplete mode parameter data
[    6.700140] sd 2:0:1:0: Attached scsi generic sg1 type 0
[    6.716815] sd 2:0:0:0: [sda] Assuming drive cache: write through
[    6.726594] sd 2:0:1:0: [sdb] 20480 512-byte logical blocks: (10.5 MB/10.0 MiB)
[    6.737511] sd 2:0:1:0: [sdb] Write Protect is off
[    6.746227] sd 2:0:1:0: [sdb] Incomplete mode parameter data
[    6.754879] sd 2:0:1:0: [sdb] Assuming drive cache: write through
[    6.778609]  sda: sda1
[    6.785142] sd 2:0:0:0: [sda] Attached SCSI disk
[    6.806595] sd 2:0:1:0: [sdb] Attached SCSI disk
Begin: Loading essential drivers ... [   11.492291] raid6: sse2x1   gen() 193013 MB/s
[   13.490500] raid6: sse2x1   xor() 147210 MB/s
[   14.492030] raid6: sse2x2   gen() 249470 MB/s
[   14.545825] raid6: sse2x2   xor()  7594 MB/s
[   14.610295] raid6: sse2x4   gen() 16869 MB/s
[   15.490413] raid6: sse2x4   xor() 159038 MB/s
[   15.496983] raid6: using algorithm sse2x2 gen() 249470 MB/s
[   15.504624] raid6: .... xor() 7594 MB/s, rmw enabled
[   15.511760] raid6: using ssse3x2 recovery algorithm
[   15.521571] xor: measuring software checksum speed
[   15.568850]    prefetch64-sse: 15485.000 MB/sec
[   15.613079]    generic_sse: 12598.000 MB/sec
[   15.619214] xor: using function: prefetch64-sse (15485.000 MB/sec)
[   15.631655] async_tx: api initialized (async)
done.
Begin: Running /scripts/init-premount ... done.
Begin: Mounting root file system ... Begin: Running /scripts/local-top ... done.
Begin: Running /scripts/local-premount ... [   15.720809] Btrfs loaded, crc32c=crc32c-intel
Scanning for Btrfs filesystems
done.
Warning: fsck not present, so skipping root file system
[   15.865899] EXT4-fs (sda1): mounted filesystem with ordered data mode. Opts: (null)
done.
Begin: Running /scripts/local-bottom ... done.
Begin: Running /scripts/init-bottom ... done.
[   16.890086] ip_tables: (C) 2000-2006 Netfilter Core Team
[   16.945483] systemd[1]: systemd 237 running in system mode. (+PAM +AUDIT +SELINUX +IMA +APPARMOR +SMACK +SYSVINIT +UTMP +LIBCRYPTSETUP +GCRYPT +GNUTLS +ACL +XZ +LZ4 +SECCOMP +BLKID +ELFUTILS +KMOD -IDN2 +IDN -PCRE2 default-hierarchy=hybrid)
[   16.975055] systemd[1]: Detected virtualization oracle.
[   16.986560] systemd[1]: Detected architecture x86-64.

Welcome to [1mUbuntu 18.04.6 LTS[0m!

[   17.066885] systemd[1]: Set hostname to <ubuntu>.
[   17.098909] systemd[1]: Initializing machine ID from random generator.
[   17.108085] systemd[1]: Installed transient /etc/machine-id file.
[   17.581601] random: crng init done
[   17.587562] random: 7 urandom warning(s) missed due to ratelimiting
[   18.451272] systemd[1]: Reached target User and Group Name Lookups.
[[0;32m  OK  [0m] Reached target User and Group Name Lookups.
[   18.487351] systemd[1]: Created slice User and Session Slice.
[[0;32m  OK  [0m] Created slice User and Session Slice.
[   18.506880] systemd[1]: Reached target System Time Synchronized.
[[0;32m  OK  [0m] Reached target System Time Synchronized.
[   18.525542] systemd[1]: Reached target Swap.
[[0;32m  OK  [0m] Reached target Swap.
[[0;32m  OK  [0m] Created slice System Slice.
[[0;32m  OK  [0m] Reached target Slices.
[[0;32m  OK  [0m] Listening on Device-mapper event daemon FIFOs.
[[0;32m  OK  [0m] Created slice system-serial\x2dgetty.slice.
[[0;32m  OK  [0m] Listening on udev Kernel Socket.
[[0;32m  OK  [0m] Listening on Journal Audit Socket.
[[0;32m  OK  [0m] Listening on LVM2 poll daemon socket.
[[0;32m  OK  [0m] Listening on fsck to fsckd communication Socket.
[[0;32m  OK  [0m] Listening on Syslog Socket.
[[0;32m  OK  [0m] Listening on /dev/initctl Compatibility Named Pipe.
[[0;32m  OK  [0m] Listening on udev Control Socket.
[[0;32m  OK  [0m] Listening on LVM2 metadata daemon socket.
[[0;32m  OK  [0m] Listening on Journal Socket.
         Mounting Huge Pages File System...
         Starting Set the console keyboard layout...
         Starting Load Kernel Modules...
         Starting File System Check on Root Device...
         Starting udev Coldplug all Devices...
         Starting Uncomplicated firewall...
         Mounting POSIX Message Queue File System...
         Starting Create list of required stâ€¦ce nodes for the current kernel...
         Mounting Kernel Debug File System...
[[0;32m  OK  [0m] Listening on Network Service Netlink Socket.[   18.844260] Loading iSCSI transport class v2.0-870.

         Starting Monitoring of LVM2 mirrorsâ€¦ng dmeventd or progress polling...
[[0;32m  OK  [0m] Listening on Journal Socket (/dev/log).
         Starting Journal Service...
[[0;32m  OK  [0m] Set up automount Arbitrary Executabâ€¦rmats File System Automount Point.
[   18.996850] iscsi: registered transport (tcp)
[[0;32m  OK  [0m] Started Forward Password Requests to Wall Directory Watch.
[[0;32m  OK  [0m] Mounted Huge Pages File System.
[[0;32m  OK  [0m] Started Uncomplicated firewall.
[[0;32m  OK  [0m] Mounted POSIX Message Queue File System.
[[0;32m  OK  [0m] Started Create list of required staâ€¦vice nodes for the current kernel.
[[0;32m  OK  [0m] Mounted Kernel Debug File System.
[[0;32m  OK  [0m] Started File System Check Daemon to report status.
         Starting Create Static Device Nodes in /dev...
[[0;32m  OK  [0m] Started udev Coldplug all Devices.
[[0;32m  OK  [0m] Started File System Check on Root Device.
         Starting Remount Root and Kernel File Systems...
[[0;32m  OK  [0m] Started Set the console keyboard layout.
[[0;32m  OK  [0m] Started Journal Service.
[   19.371485] iscsi: registered transport (iser)
[[0;32m  OK  [0m] Started LVM2 metadata daemon.
[[0;32m  OK  [0m] Started Load Kernel Modules.
         Mounting FUSE Control File System...
         Mounting Kernel Configuration File System...
         Starting Apply Kernel Variables...
[[0;32m  OK  [0m] Mounted FUSE Control File System.
[[0;32m  OK  [0m] Mounted Kernel Configuration File System.
[   19.493711] EXT4-fs (sda1): re-mounted. Opts: (null)
[[0;32m  OK  [0m] Started Remount Root and Kernel File Systems.
[[0;32m  OK  [0m] Started Create Static Device Nodes in /dev.
         Starting udev Kernel Device Manager...
         Starting Flush Journal to Persistent Storage...
         Starting Load/Save Random Seed...
[[0;32m  OK  [0m] Started Monitoring of LVM2 mirrors,â€¦sing dmeventd or progress polling.
[[0;32m  OK  [0m] Reached target Local File Systems (Pre).
[[0;32m  OK  [0m] Reached target Local File Systems.
         Starting Commit a transient machine-id on disk...
         Starting Set console font and keymap...
         Starting ebtables ruleset management...
         Starting Tell Plymouth To Write Out Runtime Data...
         Starting AppArmor initialization...
[[0;32m  OK  [0m] Started Apply Kernel Variables.
[[0;32m  OK  [0m] Started Load/Save Random Seed.
[[0;32m  OK  [0m] Started Set console font and keymap.
[[0;32m  OK  [0m] Started Tell Plymouth To Write Out Runtime Data.
[[0;32m  OK  [0m] Started udev Kernel Device Manager.
[[0;32m  OK  [0m] Started Dispatch Password Requests to Console Directory Watch.
[[0;32m  OK  [0m] Reached target Local Encrypted Volumes.
[[0;32m  OK  [0m] Started Commit a transient machine-id on disk.
[[0;32m  OK  [0m] Started Flush Journal to Persistent Storage.
         Starting Create Volatile Files and Directories...
[[0;32m  OK  [0m] Started ebtables ruleset management.
[[0;32m  OK  [0m] Started Create Volatile Files and Directories.
         Starting Update UTMP about System Boot/Shutdown...
[[0;32m  OK  [0m] Started Update UTMP about System Boot/Shutdown.
[[0;32m  OK  [0m] Found device /dev/ttyS0.
[[0;32m  OK  [0m] Listening on Load/Save RF Kill Switch Status /dev/rfkill Watch.
[[0;32m  OK  [0m] Started AppArmor initialization.
         Starting Load AppArmor profiles managed internally by snapd...
         Starting Initial cloud-init job (pre-networking)...
[[0;32m  OK  [0m] Started Load AppArmor profiles managed internally by snapd.
[   26.420871] cloud-init[534]: Cloud-init v. 21.2-3-g899bfaa9-0ubuntu2~18.04.1 running 'init-local' at Thu, 21 Oct 2021 15:23:05 +0000. Up 25.54 seconds.
[[0;32m  OK  [0m] Started Initial cloud-init job (pre-networking).
[[0;32m  OK  [0m] Reached target Network (Pre).
         Starting Network Service...
[[0;32m  OK  [0m] Started Network Service.
         Starting Network Name Resolution...
         Starting Wait for Network to be Configured...
[[0;32m  OK  [0m] Started Network Name Resolution.
[[0;32m  OK  [0m] Reached target Host and Network Name Lookups.
[[0;32m  OK  [0m] Reached target Network.
[[0;32m  OK  [0m] Started Wait for Network to be Configured.
         Starting Initial cloud-init job (metadata service crawler)...
[   29.053830] cloud-init[646]: Cloud-init v. 21.2-3-g899bfaa9-0ubuntu2~18.04.1 running 'init' at Thu, 21 Oct 2021 15:23:08 +0000. Up 28.85 seconds.
[   29.062143] cloud-init[646]: ci-info: +++++++++++++++++++++++++++++++++++++Net device info++++++++++++++++++++++++++++++++++++++
[   29.069982] cloud-init[646]: ci-info: +--------+------+---------------------------+---------------+--------+-------------------+
[   29.077312] cloud-init[646]: ci-info: | Device |  Up  |          Address          |      Mask     | Scope  |     Hw-Address    |
[   29.087335] cloud-init[646]: ci-info: +--------+------+---------------------------+---------------+--------+-------------------+
[   29.094396] cloud-init[646]: ci-info: | enp0s3 | True |         10.0.2.15         | 255.255.255.0 | global | 02:2f:77:f1:0c:e0 |
[   29.101719] cloud-init[646]: ci-info: | enp0s3 | True | fe80::2f:77ff:fef1:ce0/64 |       .       |  link  | 02:2f:77:f1:0c:e0 |
[   29.108961] cloud-init[646]: ci-info: |   lo   | True |         127.0.0.1         |   255.0.0.0   |  host  |         .         |
[   29.116388] cloud-init[646]: ci-info: |   lo   | True |          ::1/128          |       .       |  host  |         .         |
[   29.124588] cloud-init[646]: ci-info: +--------+------+---------------------------+---------------+--------+-------------------+
[   29.131459] cloud-init[646]: ci-info: ++++++++++++++++++++++++++++Route IPv4 info+++++++++++++++++++++++++++++
[   29.138815] cloud-init[646]: ci-info: +-------+-------------+----------+-----------------+-----------+-------+
[   29.145812] cloud-init[646]: ci-info: | Route | Destination | Gateway  |     Genmask     | Interface | Flags |
[   29.151668] cloud-init[646]: ci-info: +-------+-------------+----------+-----------------+-----------+-------+
[   29.157896] cloud-init[646]: ci-info: |   0   |   0.0.0.0   | 10.0.2.2 |     0.0.0.0     |   enp0s3  |   UG  |
[   29.165071] cloud-init[646]: ci-info: |   1   |   10.0.2.0  | 0.0.0.0  |  255.255.255.0  |   enp0s3  |   U   |
[   29.170830] cloud-init[646]: ci-info: |   2   |   10.0.2.2  | 0.0.0.0  | 255.255.255.255 |   enp0s3  |   UH  |
[   29.176923] cloud-init[646]: ci-info: +-------+-------------+----------+-----------------+-----------+-------+
[   29.182946] cloud-init[646]: ci-info: +++++++++++++++++++Route IPv6 info+++++++++++++++++++
[   29.187773] cloud-init[646]: ci-info: +-------+-------------+---------+-----------+-------+
[   29.193789] cloud-init[646]: ci-info: | Route | Destination | Gateway | Interface | Flags |
[   29.198340] cloud-init[646]: ci-info: +-------+-------------+---------+-----------+-------+
[   29.204059] cloud-init[646]: ci-info: |   1   |  fe80::/64  |    ::   |   enp0s3  |   U   |
[   29.209133] cloud-init[646]: ci-info: |   3   |    local    |    ::   |   enp0s3  |   U   |
[   29.214543] cloud-init[646]: ci-info: |   4   |   ff00::/8  |    ::   |   enp0s3  |   U   |
[   29.219912] cloud-init[646]: ci-info: +-------+-------------+---------+-----------+-------+
[   31.338744] cloud-init[646]: Generating public/private rsa key pair.
[   31.342289] cloud-init[646]: Your identification has been saved in /etc/ssh/ssh_host_rsa_key.
[   31.347280] cloud-init[646]: Your public key has been saved in /etc/ssh/ssh_host_rsa_key.pub.
[   31.351710] cloud-init[646]: The key fingerprint is:
[   31.355848] cloud-init[646]: SHA256:MqyQoJBigCIcyzrcoNO3iTBNQffRrWkQ0W4CkiLaK3k root@ubuntu-bionic
[   31.361365] cloud-init[646]: The key's randomart image is:
[   31.365347] cloud-init[646]: +---[RSA 2048]----+
[   31.368317] cloud-init[646]: |+o+.. += .       |
[   31.371636] cloud-init[646]: |Oo+o....o .      |
[   31.375025] cloud-init[646]: |XB.. ..o o       |
[   31.377892] cloud-init[646]: |X=+. .. *        |
[   31.381593] cloud-init[646]: |Oo=o. ++S        |
[   31.384895] cloud-init[646]: |o=E+ + o         |
[   31.387448] cloud-init[646]: | o. +            |
[   31.390626] cloud-init[646]: |                 |
[   31.394165] cloud-init[646]: |                 |
[   31.397258] cloud-init[646]: +----[SHA256]-----+
[   31.399992] cloud-init[646]: Generating public/private dsa key pair.
[   31.404725] cloud-init[646]: Your identification has been saved in /etc/ssh/ssh_host_dsa_key.
[   31.410068] cloud-init[646]: Your public key has been saved in /etc/ssh/ssh_host_dsa_key.pub.
[   31.415567] cloud-init[646]: The key fingerprint is:
[   31.418461] cloud-init[646]: SHA256:46BCclN8cVKQpvPsqfg6/B9qLpnWt8PFtML0tYIYJro root@ubuntu-bionic
[   31.423950] cloud-init[646]: The key's randomart image is:
[   31.426987] cloud-init[646]: +---[DSA 1024]----+
[   31.430436] cloud-init[646]: |      ++o        |
[   31.433461] cloud-init[646]: |   .  o+         |
[   31.436059] cloud-init[646]: |    oo.          |
[   31.438987] cloud-init[646]: |  ..=.. . .      |
[   31.441915] cloud-init[646]: |..+o O.=So .     |
[   31.444993] cloud-init[646]: |.+ ...*o*..      |
[   31.447983] cloud-init[646]: | o.+.o.+..       |
[   31.451416] cloud-init[646]: |E Boo.*.         |
[   31.455069] cloud-init[646]: | .oO*+oo         |
[   31.458143] cloud-init[646]: +----[SHA256]-----+
[   31.461050] cloud-init[646]: Generating public/private ecdsa key pair.
[   31.465067] cloud-init[646]: Your identification has been saved in /etc/ssh/ssh_host_ecdsa_key.
[   31.470229] cloud-init[646]: Your public key has been saved in /etc/ssh/ssh_host_ecdsa_key.pub.
[   31.476028] cloud-init[646]: The key fingerprint is:
[   31.479276] cloud-init[646]: SHA256:lrt6ULj79e2iMd/3tDZbnR/6DCk3TQigc53RvNCkTg8 root@ubuntu-bionic
[   31.484940] cloud-init[646]: The key's randomart image is:
[   31.487948] cloud-init[646]: +---[ECDSA 256]---+
[   31.493851] cloud-init[646]: |         . .=.   |
[   31.497083] cloud-init[646]: |        . o.++   |
[   31.500491] cloud-init[646]: |       + . E. .  |
[   31.503970] cloud-init[646]: |      . +.o +..  |
[   31.506919] cloud-init[646]: |       oS  . o . |
[   31.510221] cloud-init[646]: |      o. .    + o|
[   31.513629] cloud-init[646]: |       o. +. = ++|
[   31.516635] cloud-init[646]: |      . .o =+o=+*|
[   31.519693] cloud-init[646]: |      .+o ..o+***|
[   31.522522] cloud-init[646]: +----[SHA256]-----+
[   31.528609] cloud-init[646]: Generating public/private ed25519 key pair.
[   31.533525] cloud-init[646]: Your identification has been saved in /etc/ssh/ssh_host_ed25519_key.
[   31.538565] cloud-init[646]: Your public key has been saved in /etc/ssh/ssh_host_ed25519_key.pub.
[   31.544788] cloud-init[646]: The key fingerprint is:
[   31.547580] cloud-init[646]: SHA256:5RzGs4AtSO7c20v8u/PREmk4jEiFSaG6WINT+V7WI0o root@ubuntu-bionic
[   31.555029] cloud-init[646]: The key's randomart image is:
[   31.563955] cloud-init[646]: +--[ED25519 256]--+
[   31.571848] cloud-init[646]: |    ..o+.        |
[   31.579874] cloud-init[646]: |   + oo+ .       |
[   31.587166] cloud-init[646]: |  o + + o *      |
[   31.593849] cloud-init[646]: | o = o + O = .   |
[   31.600656] cloud-init[646]: |o + E * S B +    |
[   31.608107] cloud-init[646]: | + = + = . o o   |[[0;32m  OK  [0m] Started Initial cloud-init job (metadata service crawler).
[   31.621544] cloud-init[646]: |. . o . +   o .  |
[   31.621851] cloud-init[646]: |       . o.  o   |
[   31.621953] cloud-init[646]: |        . +=.    |
[   31.624053] cloud-init[646]: +----[SHA256]-----+

[[0;32m  OK  [0m] Reached target Network is Online.
[[0;32m  OK  [0m] Reached target Remote File Systems (Pre).
[[0;32m  OK  [0m] Reached target Remote File Systems.
         Starting Availability of block devices...
[[0;32m  OK  [0m] Reached target System Initialization.
         Starting LXD - unix socket.
         Starting Socket activation for snappy daemon.
[[0;32m  OK  [0m] Started ACPI Events Check.
[[0;32m  OK  [0m] Listening on ACPID Listen Socket.
[[0;32m  OK  [0m] Reached target Paths.
[[0;32m  OK  [0m] Started Discard unused blocks once a week.
[[0;32m  OK  [0m] Started Message of the Day.
[[0;32m  OK  [0m] Listening on Open-iSCSI iscsid Socket.
[[0;32m  OK  [0m] Started Ubuntu Advantage update messaging.
[[0;32m  OK  [0m] Started Daily Cleanup of Temporary Directories.
[[0;32m  OK  [0m] Listening on D-Bus System Message Bus Socket.
[[0;32m  OK  [0m] Started Daily apt download activities.
[[0;32m  OK  [0m] Started Daily apt upgrade and clean activities.
[[0;32m  OK  [0m] Reached target Timers.
[[0;32m  OK  [0m] Listening on UUID daemon activation socket.
[[0;32m  OK  [0m] Reached target Cloud-config availability.
[[0;32m  OK  [0m] Started Availability of block devices.
[[0;32m  OK  [0m] Listening on LXD - unix socket.
[[0;32m  OK  [0m] Listening on Socket activation for snappy daemon.
[[0;32m  OK  [0m] Reached target Sockets.
[[0;32m  OK  [0m] Reached target Basic System.
         Starting Virtualbox guest utils...
         Starting Login Service...
         Starting Accounts Service...
[[0;32m  OK  [0m] Started Deferred execution scheduler.
         Starting Permit User Sessions...
         Starting System Logging Service...
[[0;32m  OK  [0m] Started Regular background program processing daemon.
         Starting LSB: Record successful boot for GRUB...
[[0;32m  OK  [0m] Started D-Bus System Message Bus.
[[0;32m  OK  [0m] Started Login Service.
[[0;32m  OK  [0m] Started FUSE filesystem for LXC.
         Starting Pollinate to seed the pseudo random number generator...
[[0;32m  OK  [0m] Started Unattended Upgrades Shutdown.
[[0;32m  OK  [0m] Started irqbalance daemon.
         Starting Dispatcher daemon for systemd-networkd...
         Starting Snap Daemon...
         Starting LSB: automatic crash report generation...
         Starting LXD - container startup/shutdown...
[[0;32m  OK  [0m] Started System Logging Service.
[[0;32m  OK  [0m] Started Permit User Sessions.
         Starting Authorization Manager...
         Starting Hold until boot process finishes up...
         Starting Terminate Plymouth Boot Screen...
[[0;32m  OK  [0m] Started Hold until boot process finishes up.
[[0;32m  OK  [0m] Started Serial Getty on ttyS0.
         Starting Set console scheme...
[[0;32m  OK  [0m] Started Terminate Plymouth Boot Screen.
[[0;32m  OK  [0m] Started Set console scheme.
[[0;32m  OK  [0m] Created slice system-getty.slice.
[[0;32m  OK  [0m] Started Getty on tty1.
[[0;32m  OK  [0m] Reached target Login Prompts.
[[0;32m  OK  [0m] Started LSB: Record successful boot for GRUB.
[[0;32m  OK  [0m] Started LSB: automatic crash report generation.
[[0;32m  OK  [0m] Started Authorization Manager.
[[0;32m  OK  [0m] Started Accounts Service.
[[0;32m  OK  [0m] Started Virtualbox guest utils.
[[0;32m  OK  [0m] Started Dispatcher daemon for systemd-networkd.
[[0;32m  OK  [0m] Started LXD - container startup/shutdown.
[[0;32m  OK  [0m] Started Snap Daemon.
         Starting Wait until snapd is fully seeded...

Ubuntu 18.04.6 LTS ubuntu-bionic ttyS0

ubuntu-bionic login: [   41.636079] cloud-init[1221]: Cloud-init v. 21.2-3-g899bfaa9-0ubuntu2~18.04.1 running 'modules:config' at Thu, 21 Oct 2021 15:23:19 +0000. Up 40.16 seconds.
ci-info: no authorized SSH keys fingerprints found for user ubuntu.
<14>Oct 21 15:23:22 cloud-init: #############################################################
<14>Oct 21 15:23:22 cloud-init: -----BEGIN SSH HOST KEY FINGERPRINTS-----
<14>Oct 21 15:23:22 cloud-init: 1024 SHA256:46BCclN8cVKQpvPsqfg6/B9qLpnWt8PFtML0tYIYJro root@ubuntu-bionic (DSA)
<14>Oct 21 15:23:22 cloud-init: 256 SHA256:lrt6ULj79e2iMd/3tDZbnR/6DCk3TQigc53RvNCkTg8 root@ubuntu-bionic (ECDSA)
<14>Oct 21 15:23:22 cloud-init: 256 SHA256:5RzGs4AtSO7c20v8u/PREmk4jEiFSaG6WINT+V7WI0o root@ubuntu-bionic (ED25519)
<14>Oct 21 15:23:22 cloud-init: 2048 SHA256:MqyQoJBigCIcyzrcoNO3iTBNQffRrWkQ0W4CkiLaK3k root@ubuntu-bionic (RSA)
<14>Oct 21 15:23:22 cloud-init: -----END SSH HOST KEY FINGERPRINTS-----
<14>Oct 21 15:23:22 cloud-init: #############################################################
-----BEGIN SSH HOST KEY KEYS-----
ecdsa-sha2-nistp256 AAAAE2VjZHNhLXNoYTItbmlzdHAyNTYAAAAIbmlzdHAyNTYAAABBBDAOibO24F4SPoC92uTHTPyE4ipvy0GYhjjwlQR0ykCJp968AVjW5xbkO4Z/L0MZHtuV+gPX55QbTjC7eUVGPLM= root@ubuntu-bionic
ssh-ed25519 AAAAC3NzaC1lZDI1NTE5AAAAIIeL0eV3CqGHT9QFi7XtoTPUV+q8IwWDQoUxRwBqCIcm root@ubuntu-bionic
ssh-rsa AAAAB3NzaC1yc2EAAAADAQABAAABAQDxrkQGtGC7r/Z7w4q5sOIabVhfaenGHBAXjFEINdjj0ep/dmGvSKb2rmV9Wy6Olc4Ekvv623uoeijAk71fo26dcOacaYtIt1Zxs9LP/1JDSy5jFpID+/f7sJb/K6T0XZYIqrO1gEAv0EeHFN5ZiDvAkH0vc6rN59zkXg+T0gLqob6VN5sWdziv742rOQrjpQTpdGQh2rFSYdqRp0sixPthhDYMBuF0QbTZs3aLGVSeI7IM6N2OSwL0UPirHQuZM5p1pPawu+/OXwky4MZYO5pQ8WWWQO6Rwx6/VSFMetAAocFEl4b4H3RzZmFFHE3YBUjB7Q70KPuQDVwf1p7N55Md root@ubuntu-bionic
-----END SSH HOST KEY KEYS-----
[   42.957783] cloud-init[1281]: Cloud-init v. 21.2-3-g899bfaa9-0ubuntu2~18.04.1 running 'modules:final' at Thu, 21 Oct 2021 15:23:22 +0000. Up 42.41 seconds.
[   42.977237] cloud-init[1281]: ci-info: no authorized SSH keys fingerprints found for user ubuntu.
[   42.987038] cloud-init[1281]: Cloud-init v. 21.2-3-g899bfaa9-0ubuntu2~18.04.1 finished at Thu, 21 Oct 2021 15:23:22 +0000. Datasource DataSourceNoCloud [seed=/dev/sdb][dsmode=net].  Up 42.94 seconds
